Input Table Definition: (Please type ^d to end input) 
successfully ended
------
1 row max size = 780 bytes .
1 row Average size = 539 bytes .
