Input Table Definition: (Please type ^d to end input) 
successfully ended
------
1 row max size = 179 bytes .
1 row Average size = 114 bytes .
